// Jest Snapshot v1, https://goo.gl/fbAQLP

exports[`User Index renders user show with logEntries correctly 1`] = `
"<!DOCTYPE html>
<html>

<head>
	<meta charset=\\"utf-8\\">
	<meta name=\\"viewport\\" content=\\"width=device-width, initial-scale=0.8, maximum-scale=1\\">
	<title>Module Handbook</title>
	<link rel=\\"shortcut icon\\" type=\\"image/png\\" href=\\"/images/icon.png\\" />
	<link rel=\\"stylesheet\\" href=\\"/css/bootstrap.css\\">
	<link rel=\\"stylesheet\\" href=\\"/css/module_handbook.css\\">
	<script src=\\"/jquery.min.js\\"></script>
	<!--<script src=\\"/popper.js\\"></script>-->
	<script src=\\"/js/bootstrap.min.js\\"></script>

</head>

<body>
<div class = \\"container\\">
	<div id=\\"nav\\">
		<div class=\\"col-sm nav-align\\">
			<h1 id=\\"title\\">Module Handbook</h1>
		</div>
		<nav class=\\"navbar navbar-expand-lg navbar-light bg-light\\">
    <a class=\\"navbar-brand\\" href=\\"/\\">Home</a>
    <button class=\\"navbar-toggler\\" type=\\"button\\" data-toggle=\\"collapse\\" data-target=\\"#navbarSupportedContent\\"
            aria-controls=\\"navbarSupportedContent\\" aria-expanded=\\"false\\" aria-label=\\"Toggle navigation\\">
        <span class=\\"navbar-toggler-icon\\"></span>
    </button>

    <div class=\\"collapse navbar-collapse\\" id=\\"navbarSupportedContent\\">
        <ul class=\\"navbar-nav mr-auto\\">
            
                <li class=\\"nav-item \\">
    <a class=\\"nav-link\\" href=\\"/modules/list\\">Module List
        
    </a>
</li>

            
                <li class=\\"nav-item \\">
    <a class=\\"nav-link\\" href=\\"/modules/tabular\\">Module Table
        
    </a>
</li>

            
                <li class=\\"nav-item \\">
    <a class=\\"nav-link\\" href=\\"/courses\\">Courses
        
    </a>
</li>

            
                <li class=\\"nav-item \\">
    <a class=\\"nav-link\\" href=\\"/users\\">Users
        
    </a>
</li>

            
                <li class=\\"nav-item \\">
    <a class=\\"nav-link\\" href=\\"/about\\">About
        
    </a>
</li>

            

        </ul>
        <form class=\\"form-inline my-2 my-lg-0\\" action = \\"/about\\" method = \\"POST\\">
            <input class=\\"form-control mr-sm-2\\" type=\\"text\\" placeholder=\\"Search\\" aria-label=\\"Search\\" name = \\"query\\">
            <button class=\\"btn btn-outline-success my-2 my-sm-0\\" type=\\"submit\\">Search</button>
        </form>
    </div>
</nav>

	</div>
	<div class = \\"container\\">
	  <h1 class=\\"center\\">User Data for
  Enes Niklaus
</h1>

<table class=\\"table\\">
  <tr>
    <th>Name</th>
    <td>
      Enes Niklaus
    </td>
  </tr>
  <tr>
    <th>Email</th>
    <td>
      enes_<replaced_mongoose_id>@yahoo.com
    </td>
  </tr>
  <tr>
    <th>Zip Code</th>
    <td>
      94577
    </td>
  </tr>
  <tr>
    <th>Password</th>
    <td>********</td>
  </tr>
</table>


<div class=\\"center\\">
  <a class=\\"button\\" href=\\"/users/<replaced_mongoose_id>/edit\\">
    Edit User Details
  </a> |
  <a class=\\"button\\" href=\\"/users/<replaced_mongoose_id>/delete?_method=DELETE\\" onclick=\\"return confirm('Are you sure you want to delete this record?')\\" a>Delete</a>
 |
  <a class=\\"button\\" href=\\"/users\\">View all users</a>
</div>
<hr/>
<h1>Study LogBook</h1>
<div class=\\"center\\">
    <a class=\\"button\\" href=\\"/users/<replaced_mongoose_id>/log_entries/new\\">
        New Entry
    </a>
</div>
<table>
    <thead>
    <tr>
        <th>Course</th>
        <th>Semester</th>
        <th>Event</th>
        <th>Date</th>
        <th>Notes</th>
        <th colspan=\\"3\\"></th>
    </tr>
    </thead>

    <tbody>
    
    <tr>
        <td>B08</td>
        <td>4</td>
        <td>passed</td>
        <td>Thu May 21 2020 02:00:00 GMT+0200 (Central European Summer Time)</td>
        <td>notes about course</td>
        <td><a href=\\"#\\">Edit</a></td>
        <td><a href=\\"#\\">Show</a></td>
        <td><a href=\\"#\\">Delete</a></td>
    </tr>

    
    <tr>
        <td>M08</td>
        <td>1</td>
        <td>planned</td>
        <td>Sat Jun 13 2020 02:00:00 GMT+0200 (Central European Summer Time)</td>
        <td>notes about this othercourse</td>
        <td><a href=\\"#\\">Edit</a></td>
        <td><a href=\\"#\\">Show</a></td>
        <td><a href=\\"#\\">Delete</a></td>
    </tr>

    

    </tbody>
</table>

<br>

	</div>
</div>


</body>

</html>
"
`;
